[[{"name" "cyclone.request"
   "service" "cyclone"
   "resource" "GET tests.contrib.cyclone.test_cyclone.TemplateHandler"
   "type" "web"
   "error" 0
   "span_id" 0
   "trace_id" 0
   "parent_id" nil
   "start" 1612907623652953000
   "duration" 516000
   "meta" {"runtime-id" "42f4a4d1e94448c7ae8a0f0218a7196b"
           "http.url" "http://127.0.0.1/template"
           "cyclone.handler" "tests.contrib.cyclone.test_cyclone.TemplateHandler"
           "http.status_code" "200"
           "http.method" "GET"}
   "metrics" {"_dd.agent_psr" 1.0
              "_dd.measured" 1
              "_sampling_priority_v1" 1
              "system.pid" 62957}}
      {"name" "cyclone.request.render_string"
       "service" "cyclone"
       "resource" "cyclone.request.render_string"
       "type" "template"
       "error" 0
       "span_id" 1
       "trace_id" 0
       "parent_id" 0
       "start" 1612907623653030000
       "duration" 272000
       "meta" {"template_name" "template.html"}}
          {"name" "cyclone.template.generate"
           "service" "cyclone"
           "resource" "cyclone.template.generate"
           "type" "template"
           "error" 0
           "span_id" 2
           "trace_id" 0
           "parent_id" 1
           "start" 1612907623653162000
           "duration" 127000}]]
