[[{"name" "cyclone.request"
   "service" "cyclone"
   "resource" "GET tests.contrib.cyclone.test_cyclone.UIModuleHandler"
   "type" "web"
   "error" 0
   "span_id" 0
   "trace_id" 0
   "parent_id" nil
   "start" 1612907623675054000
   "duration" 919000
   "meta" {"runtime-id" "42f4a4d1e94448c7ae8a0f0218a7196b"
           "http.url" "http://127.0.0.1/uimodules"
           "cyclone.handler" "tests.contrib.cyclone.test_cyclone.UIModuleHandler"
           "http.status_code" "200"
           "http.method" "GET"}
   "metrics" {"_dd.agent_psr" 1.0
              "_dd.measured" 1
              "_sampling_priority_v1" 1
              "system.pid" 62957}}
      {"name" "cyclone.request.render_string"
       "service" "cyclone"
       "resource" "cyclone.request.render_string"
       "type" "template"
       "error" 0
       "span_id" 1
       "trace_id" 0
       "parent_id" 0
       "start" 1612907623675214000
       "duration" 564000
       "meta" {"template_name" "uimodules.html"}}
          {"name" "cyclone.template.generate"
           "service" "cyclone"
           "resource" "cyclone.template.generate"
           "type" "template"
           "error" 0
           "span_id" 2
           "trace_id" 0
           "parent_id" 1
           "start" 1612907623675305000
           "duration" 463000}
              {"name" "cyclone.request.render_string"
               "service" "cyclone"
               "resource" "cyclone.request.render_string"
               "type" "template"
               "error" 0
               "span_id" 3
               "trace_id" 0
               "parent_id" 2
               "start" 1612907623675372000
               "duration" 109000
               "meta" {"template_name" "post.html"}}
                  {"name" "cyclone.template.generate"
                   "service" "cyclone"
                   "resource" "cyclone.template.generate"
                   "type" "template"
                   "error" 0
                   "span_id" 6
                   "trace_id" 0
                   "parent_id" 3
                   "start" 1612907623675410000
                   "duration" 59000}
              {"name" "cyclone.request.render_string"
               "service" "cyclone"
               "resource" "cyclone.request.render_string"
               "type" "template"
               "error" 0
               "span_id" 4
               "trace_id" 0
               "parent_id" 2
               "start" 1612907623675518000
               "duration" 77000
               "meta" {"template_name" "post.html"}}
                  {"name" "cyclone.template.generate"
                   "service" "cyclone"
                   "resource" "cyclone.template.generate"
                   "type" "template"
                   "error" 0
                   "span_id" 7
                   "trace_id" 0
                   "parent_id" 4
                   "start" 1612907623675548000
                   "duration" 39000}
              {"name" "cyclone.request.render_string"
               "service" "cyclone"
               "resource" "cyclone.request.render_string"
               "type" "template"
               "error" 0
               "span_id" 5
               "trace_id" 0
               "parent_id" 2
               "start" 1612907623675628000
               "duration" 83000
               "meta" {"template_name" "post.html"}}
                  {"name" "cyclone.template.generate"
                   "service" "cyclone"
                   "resource" "cyclone.template.generate"
                   "type" "template"
                   "error" 0
                   "span_id" 8
                   "trace_id" 0
                   "parent_id" 5
                   "start" 1612907623675656000
                   "duration" 41000}]]
